[     323ms] [INFO] %cDownload the React DevTools for a better development experience: https://reactjs.org/link/react-devtools font-weight:bold @ http://localhost:5177/node_modules/.vite/deps/chunk-XWFYSYQD.js?v=6a147524:21550
[ 2065898ms] [ERROR] Failed to load resource: the server responded with a status of 500 (Internal Server Error) @ http://localhost:5177/api/eng/snapshot?project=AIR:0
[ 2076350ms] [ERROR] Failed to load resource: the server responded with a status of 500 (Internal Server Error) @ http://localhost:5177/api/eng/snapshot?project=AIR:0
[ 3103807ms] ReferenceError: RecTip is not defined
    at http://localhost:5177/src/EngDashboard.jsx?t=1783376894506:1026:42
    at Array.map (<anonymous>)
    at Overview (http://localhost:5177/src/EngDashboard.jsx?t=1783376894506:1018:16)
    at renderWithHooks (http://localhost:5177/node_modules/.vite/deps/chunk-XWFYSYQD.js?v=6a147524:11548:26)
    at updateFunctionComponent (http://localhost:5177/node_modules/.vite/deps/chunk-XWFYSYQD.js?v=6a147524:14582:28)
    at beginWork (http://localhost:5177/node_modules/.vite/deps/chunk-XWFYSYQD.js?v=6a147524:15924:22)
    at HTMLUnknownElement.callCallback2 (http://localhost:5177/node_modules/.vite/deps/chunk-XWFYSYQD.js?v=6a147524:3674:22)
    at Object.invokeGuardedCallbackDev (http://localhost:5177/node_modules/.vite/deps/chunk-XWFYSYQD.js?v=6a147524:3699:24)
    at invokeGuardedCallback (http://localhost:5177/node_modules/.vite/deps/chunk-XWFYSYQD.js?v=6a147524:3733:39)
    at beginWork$1 (http://localhost:5177/node_modules/.vite/deps/chunk-XWFYSYQD.js?v=6a147524:19765:15)
[ 3103808ms] ReferenceError: RecTip is not defined
    at http://localhost:5177/src/EngDashboard.jsx?t=1783376894506:1026:42
    at Array.map (<anonymous>)
    at Overview (http://localhost:5177/src/EngDashboard.jsx?t=1783376894506:1018:16)
    at renderWithHooks (http://localhost:5177/node_modules/.vite/deps/chunk-XWFYSYQD.js?v=6a147524:11548:26)
    at updateFunctionComponent (http://localhost:5177/node_modules/.vite/deps/chunk-XWFYSYQD.js?v=6a147524:14582:28)
    at beginWork (http://localhost:5177/node_modules/.vite/deps/chunk-XWFYSYQD.js?v=6a147524:15924:22)
    at HTMLUnknownElement.callCallback2 (http://localhost:5177/node_modules/.vite/deps/chunk-XWFYSYQD.js?v=6a147524:3674:22)
    at Object.invokeGuardedCallbackDev (http://localhost:5177/node_modules/.vite/deps/chunk-XWFYSYQD.js?v=6a147524:3699:24)
    at invokeGuardedCallback (http://localhost:5177/node_modules/.vite/deps/chunk-XWFYSYQD.js?v=6a147524:3733:39)
    at beginWork$1 (http://localhost:5177/node_modules/.vite/deps/chunk-XWFYSYQD.js?v=6a147524:19765:15)
[ 3103809ms] [ERROR] The above error occurred in the <Overview> component:

    at Overview (http://localhost:5177/src/EngDashboard.jsx?t=1783376894506:712:21)
    at div
    at div
    at EngDashboard (http://localhost:5177/src/EngDashboard.jsx?t=1783376894506:189:40)
    at App (http://localhost:5177/src/App.jsx:253:27)

Consider adding an error boundary to your tree to customize error handling behavior.
Visit https://reactjs.org/link/error-boundaries to learn more about error boundaries. @ http://localhost:5177/node_modules/.vite/deps/chunk-XWFYSYQD.js?v=6a147524:14031
[ 3103810ms] ReferenceError: RecTip is not defined
    at http://localhost:5177/src/EngDashboard.jsx?t=1783376894506:1026:42
    at Array.map (<anonymous>)
    at Overview (http://localhost:5177/src/EngDashboard.jsx?t=1783376894506:1018:16)
    at renderWithHooks (http://localhost:5177/node_modules/.vite/deps/chunk-XWFYSYQD.js?v=6a147524:11548:26)
    at updateFunctionComponent (http://localhost:5177/node_modules/.vite/deps/chunk-XWFYSYQD.js?v=6a147524:14582:28)
    at beginWork (http://localhost:5177/node_modules/.vite/deps/chunk-XWFYSYQD.js?v=6a147524:15924:22)
    at beginWork$1 (http://localhost:5177/node_modules/.vite/deps/chunk-XWFYSYQD.js?v=6a147524:19753:22)
    at performUnitOfWork (http://localhost:5177/node_modules/.vite/deps/chunk-XWFYSYQD.js?v=6a147524:19198:20)
    at workLoopSync (http://localhost:5177/node_modules/.vite/deps/chunk-XWFYSYQD.js?v=6a147524:19137:13)
    at renderRootSync (http://localhost:5177/node_modules/.vite/deps/chunk-XWFYSYQD.js?v=6a147524:19116:15)
[ 3212218ms] [ERROR] Failed to load resource: the server responded with a status of 500 (Internal Server Error) @ http://localhost:5177/api/eng/snapshot:0
[ 3370313ms] [ERROR] Failed to load resource: the server responded with a status of 500 (Internal Server Error) @ http://localhost:5177/api/eng/snapshot?project=AIR:0
[ 3539733ms] [ERROR] Failed to load resource: net::ERR_EMPTY_RESPONSE @ http://localhost:5177/api/eng/snapshot?project=AIR:0
[ 3539734ms] [ERROR] Failed to load resource: net::ERR_EMPTY_RESPONSE @ http://localhost:5177/api/eng/snapshot:0
[ 3539735ms] [LOG] [vite] server connection lost. Polling for restart... @ http://localhost:5177/@vite/client:559
[ 3539736ms] [ERROR] Failed to load resource: net::ERR_CONNECTION_REFUSED @ http://localhost:5177/src/EngDashboard.jsx?t=1783377151381:0
[ 3539736ms] [ERROR] Failed to load resource: net::ERR_CONNECTION_REFUSED @ http://localhost:5177/api/inbox:0
[ 3539736ms] [ERROR] Failed to load resource: net::ERR_CONNECTION_REFUSED @ http://localhost:5177/src/EngDashboard.jsx?t=1783377214327:0
[ 3539737ms] [ERROR] [hmr] Failed to reload /src/EngDashboard.jsx. This could be due to syntax errors or importing non-existent modules. (see errors above) @ http://localhost:5177/@vite/client:175
[ 3539737ms] [ERROR] Failed to load resource: net::ERR_CONNECTION_REFUSED @ http://localhost:5177/api/inbox:0
[ 3539737ms] [ERROR] Failed to load resource: net::ERR_CONNECTION_REFUSED @ http://localhost:5177/api/inbox:0
[ 3539737ms] [ERROR] Failed to load resource: net::ERR_CONNECTION_REFUSED @ http://localhost:5177/api/notify:0
[ 3539737ms] [ERROR] [hmr] Failed to reload /src/EngDashboard.jsx. This could be due to syntax errors or importing non-existent modules. (see errors above) @ http://localhost:5177/@vite/client:175
[ 3539738ms] [ERROR] Failed to load resource: net::ERR_CONNECTION_REFUSED @ http://localhost:5177/api/eng/snapshot?project=AIR:0
[ 3539738ms] [ERROR] Failed to load resource: net::ERR_CONNECTION_REFUSED @ http://localhost:5177/api/eng/snapshot?project=AIR:0
[ 3539738ms] [ERROR] Failed to load resource: net::ERR_CONNECTION_REFUSED @ http://localhost:5177/api/eng/snapshot?project=AIR:0
[ 3539740ms] [ERROR] Failed to load resource: net::ERR_CONNECTION_REFUSED @ http://localhost:5177/api/eng/snapshot?project=AIR:0
[ 3539740ms] [ERROR] Failed to load resource: net::ERR_CONNECTION_REFUSED @ http://localhost:5177/api/eng/snapshot?project=AIR:0
[ 3539740ms] [ERROR] Failed to load resource: net::ERR_CONNECTION_REFUSED @ http://localhost:5177/:0
[ 3540743ms] [ERROR] Failed to load resource: net::ERR_CONNECTION_REFUSED @ http://localhost:5177/:0
[ 3541746ms] [ERROR] Failed to load resource: net::ERR_CONNECTION_REFUSED @ http://localhost:5177/:0
[ 3542913ms] [INFO] %cDownload the React DevTools for a better development experience: https://reactjs.org/link/react-devtools font-weight:bold @ http://localhost:5177/node_modules/.vite/deps/chunk-XWFYSYQD.js?v=6a147524:21550
[ 3571033ms] [ERROR] Failed to load resource: net::ERR_EMPTY_RESPONSE @ http://localhost:5177/api/overview:0
[ 3571034ms] [ERROR] Failed to load resource: net::ERR_EMPTY_RESPONSE @ http://localhost:5177/api/gov/costs?days=1:0
[ 3571035ms] [LOG] [vite] server connection lost. Polling for restart... @ http://localhost:5177/@vite/client:559
[ 3571036ms] [ERROR] Failed to load resource: net::ERR_EMPTY_RESPONSE @ http://localhost:5177/api/harness:0
[ 3571043ms] TypeError: Failed to fetch
    at req (http://localhost:5177/src/api.js:9:21)
    at Object.get (http://localhost:5177/src/api.js:23:15)
    at http://localhost:5177/src/Overview.jsx:314:9
    at commitHookEffectListMount (http://localhost:5177/node_modules/.vite/deps/chunk-XWFYSYQD.js?v=6a147524:16915:34)
    at commitPassiveMountOnFiber (http://localhost:5177/node_modules/.vite/deps/chunk-XWFYSYQD.js?v=6a147524:18156:19)
    at commitPassiveMountEffects_complete (http://localhost:5177/node_modules/.vite/deps/chunk-XWFYSYQD.js?v=6a147524:18129:17)
    at commitPassiveMountEffects_begin (http://localhost:5177/node_modules/.vite/deps/chunk-XWFYSYQD.js?v=6a147524:18119:15)
    at commitPassiveMountEffects (http://localhost:5177/node_modules/.vite/deps/chunk-XWFYSYQD.js?v=6a147524:18109:11)
    at flushPassiveEffectsImpl (http://localhost:5177/node_modules/.vite/deps/chunk-XWFYSYQD.js?v=6a147524:19490:11)
    at flushPassiveEffects (http://localhost:5177/node_modules/.vite/deps/chunk-XWFYSYQD.js?v=6a147524:19447:22)
[ 3571040ms] [ERROR] Failed to load resource: net::ERR_CONNECTION_REFUSED @ http://localhost:5177/api/projects:0
[ 3571040ms] [ERROR] Failed to load resource: net::ERR_CONNECTION_REFUSED @ http://localhost:5177/api/pins:0
[ 3571040ms] [ERROR] Failed to load resource: net::ERR_CONNECTION_REFUSED @ http://localhost:5177/api/hooks:0
[ 3571040ms] [ERROR] Failed to load resource: net::ERR_CONNECTION_REFUSED @ http://localhost:5177/api/usage:0
[ 3571040ms] [ERROR] Failed to load resource: net::ERR_CONNECTION_REFUSED @ http://localhost:5177/api/inbox:0
[ 3571040ms] [ERROR] Failed to load resource: net::ERR_CONNECTION_REFUSED @ http://localhost:5177/api/eng/snapshot:0
[ 3571041ms] [ERROR] Failed to load resource: net::ERR_CONNECTION_REFUSED @ http://localhost:5177/api/usage:0
[ 3571041ms] [ERROR] Failed to load resource: net::ERR_CONNECTION_REFUSED @ http://localhost:5177/:0
[ 3572044ms] [ERROR] Failed to load resource: net::ERR_CONNECTION_REFUSED @ http://localhost:5177/:0
[ 3573047ms] [ERROR] Failed to load resource: net::ERR_CONNECTION_REFUSED @ http://localhost:5177/:0
[ 3574049ms] [ERROR] Failed to load resource: net::ERR_CONNECTION_REFUSED @ http://localhost:5177/:0
[ 3575052ms] [ERROR] Failed to load resource: net::ERR_CONNECTION_REFUSED @ http://localhost:5177/:0
[ 3576055ms] [ERROR] Failed to load resource: net::ERR_CONNECTION_REFUSED @ http://localhost:5177/:0
[ 3577057ms] [ERROR] Failed to load resource: net::ERR_CONNECTION_REFUSED @ http://localhost:5177/:0
[ 3578059ms] [ERROR] Failed to load resource: net::ERR_CONNECTION_REFUSED @ http://localhost:5177/:0
[ 3578890ms] [INFO] %cDownload the React DevTools for a better development experience: https://reactjs.org/link/react-devtools font-weight:bold @ http://localhost:5177/node_modules/.vite/deps/chunk-XWFYSYQD.js?v=6a147524:21550
